// Jest Snapshot v1, https://goo.gl/fbAQLP

exports[`<ArtifactSourceConfigForm /> tests Should render artifact source template canvas with details form 1`] = `
<div>
  <div
    class="StyledProps--font StyledProps--main artifactSourceConfigFormContainer"
  >
    <div
      class="OverlaySpinner--overlaySpinner"
    >
      <form
        action="#"
        class="FormikForm--main"
      >
        <div>
          <div
            class="Layout--vertical StyledProps--main specificationsFormContainer"
          >
            <div
              class="Layout--vertical StyledProps--main tooltipStyle artifactRepoTypeCard StyledProps--margin-medium"
            >
              <div
                class="Text--withDocsTooltip"
                data-tooltip-id="artifactSourceConfig_artifactRepoType"
              >
                <p
                  class="StyledProps--font StyledProps--main header headerText StyledProps--color StyledProps--color-black"
                >
                  platform.connectors.artifactRepoType
                </p>
              </div>
              <div
                class="bp3-card bp3-elevation-0 Card--card sectionCard shadow"
              >
                <div
                  class="Layout--horizontal Layout--layout-spacing-large StyledProps--main"
                >
                  <div
                    class="bp3-form-group ThumbnailSelect--mainContainer thumbnailSelect"
                    data-id="artifactType-0"
                  >
                    <div
                      class="bp3-form-content"
                    >
                      <div
                        class="Layout--horizontal Layout--layout-spacing-medium StyledProps--main wrapping"
                      >
                        <label
                          class="Thumbnail--squareCardContainer"
                        >
                          <div
                            class="bp3-card bp3-elevation-0 Card--card Thumbnail--squareCard Card--selected Card--disabled"
                          >
                            <span
                              class="Card--corner"
                            >
                              <span
                                class="Card--badge"
                              />
                              <span
                                class="bp3-icon StyledProps--main StyledProps--color StyledProps--color-white"
                                data-icon="main-tick"
                              >
                                <svg
                                  height="10"
                                  viewBox="0 0 11 8"
                                  width="10"
                                  xmlns="http://www.w3.org/2000/svg"
                                >
                                  <path
                                    d="M9.219.894c.356-.38.982-.413 1.398-.072.391.32.457.857.167 1.236l-.06.07-5.138 5.486c-.362.386-.993.41-1.403.068l-.07-.064-3.2-3.214A.88.88 0 01.95 3.098a1.045 1.045 0 011.328-.003l.074.067 2.443 2.454L9.22.894z"
                                    fill="currentColor"
                                  />
                                </svg>
                              </span>
                            </span>
                            <span
                              class="bp3-icon StyledProps--main"
                              data-icon="service-dockerhub"
                            >
                              <svg
                                height="26"
                                viewBox="0 0 14 10"
                                width="26"
                                xmlns="http://www.w3.org/2000/svg"
                              >
                                <path
                                  d="M5.8 3.3h1.3v1.3H5.8zM7.2 3.3h1.3v1.3H7.2zM4.3 3.3h1.3v1.3H4.3zM2.9 3.3h1.3v1.3H2.9zM1.4 3.3h1.3v1.3H1.4zM5.8 1.9h1.3v1.3H5.8zM5.8.4h1.3v1.3H5.8zM4.3 1.9h1.3v1.3H4.3zM2.9 1.9h1.3v1.3H2.9z"
                                />
                                <path
                                  d="M.8 7.7c-.1-.2-.2-.3-.3-.4l-.1-.2c0-.1-.1-.2-.1-.4v-.2C.1 6.1 0 5.7 0 5.2v-.4h9.5c.7 0 1.4-.2 1.7-.5-.2-.2-.4-.6-.4-1 0-.5.1-1 .3-1.3l.1-.1.1.1c.3.2.9.8.9 1.6.3-.1.5-.1.8-.1.4 0 .7.1.9.2h.1v.1c-.3.6-1 .9-1.8.9h-.3c-1.2 3-3.7 4.6-7.3 4.6-.6 0-1.2-.1-1.8-.3-.7-.2-1.3-.6-1.8-1.1zm4.4 1.4c-.9-.4-1.3-.9-1.6-1.5-.4.1-.7.1-1.2.2H1.2C2 8.6 3 9.1 4.8 9.1zm-1-2.4c-.2 0-.3.2-.3.3 0 .2.2.3.3.3.2 0 .3-.2.3-.3s-.1-.3-.3-.3z"
                                />
                                <path
                                  d="M4.2 6.8s.1 0 0 0c.1 0 .1.1 0 0 .1.2.1.2.2.2 0 0 .1 0 .1-.1V7c0 .1-.1.3-.3.3S4 7.2 4 7c0-.1.1-.2.2-.2"
                                />
                              </svg>
                            </span>
                          </div>
                          <p
                            class="StyledProps--font StyledProps--main Thumbnail--label StyledProps--font-weight-semi-bold StyledProps--color StyledProps--color-grey500 StyledProps--margin-top-small"
                          >
                            dockerRegistry
                          </p>
                          <input
                            checked=""
                            disabled=""
                            name="artifactType"
                            type="checkbox"
                            value="DockerRegistry"
                          />
                        </label>
                        <button
                          aria-label="Change"
                          class="bp3-button bp3-disabled bp3-minimal Button--button StyledProps--font StyledProps--main ThumbnailSelect--changeButton StyledProps--intent-primary Button--without-shadow Button--withLeftIcon"
                          data-testid="thumbnail-select-change"
                          disabled=""
                          tabindex="-1"
                          type="button"
                        >
                          <span
                            class="bp3-icon StyledProps--main StyledProps--padding-right-xsmall"
                            data-icon="Edit"
                          >
                            <svg
                              height="12"
                              viewBox="0 0 16 16"
                              width="12"
                              xmlns="http://www.w3.org/2000/svg"
                            >
                              <path
                                clip-rule="evenodd"
                                d="M11.207.485a.5.5 0 01.354-.146 3.5 3.5 0 013.5 3.5.5.5 0 01-.146.353l-11 11a.5.5 0 01-.354.147h-3a.5.5 0 01-.5-.5v-3a.5.5 0 01.146-.354l11-11zm.553.862L1.061 12.046v2.293h2.293l10.7-10.7a2.5 2.5 0 00-2.294-2.292z"
                                fill="currentColor"
                                fill-rule="evenodd"
                              />
                              <path
                                clip-rule="evenodd"
                                d="M11.89 2.646a.5.5 0 010 .708L8.353 6.889a.5.5 0 01-.708-.707l3.536-3.536a.5.5 0 01.707 0z"
                                fill="currentColor"
                                fill-rule="evenodd"
                                opacity="0.3"
                              />
                            </svg>
                          </span>
                          <span
                            class="bp3-button-text"
                          >
                            Change
                          </span>
                        </button>
                      </div>
                    </div>
                  </div>
                </div>
              </div>
            </div>
            <div
              class="Layout--vertical StyledProps--main tooltipStyle artifactConnectorCard StyledProps--margin-medium"
            >
              <div
                class="Text--withDocsTooltip"
                data-tooltip-id="artifactSourceConfig_artifactConnector"
              >
                <p
                  class="StyledProps--font StyledProps--main header headerText StyledProps--color StyledProps--color-black"
                >
                  dockerRegistry repository
                </p>
              </div>
              <div
                class="bp3-card bp3-elevation-0 Card--card sectionCard shadow"
              >
                <div
                  class="connectorForm"
                >
                  <div
                    class="Layout--horizontal Layout--layout-spacing-medium StyledProps--main connectorContainer StyledProps--flex StyledProps--flex-alignItems-flex-start StyledProps--flex-justifyContent-flex-start"
                  >
                    <div
                      class="connectorLabel"
                      style="width: 400px;"
                    >
                      <div
                        class="StyledProps--font StyledProps--main"
                        data-test-id="connectorTooltip"
                      >
                        <span
                          class="Tooltip--acenter bp3-label"
                          data-tooltip-id="connectorId_DockerRegistry"
                        >
                          Docker Registry connector
                        </span>
                      </div>
                      <div
                        class="bp3-form-group"
                        data-id="connectorId-1"
                        style="margin-bottom: 0px;"
                      >
                        <div
                          class="bp3-form-content"
                        >
                          <div
                            class="Layout--horizontal StyledProps--main MultiTypeInput--main MultiTypeInput--disabled"
                            style="width: 100%;"
                          >
                            <div
                              class="TextInput--main MultiTypeInput--input"
                            >
                              <div
                                class="bp3-input-group bp3-disabled"
                              >
                                <input
                                  class="bp3-input"
                                  disabled=""
                                  name="connectorId"
                                  placeholder="<+input>"
                                  type="text"
                                  value="<+input>"
                                />
                              </div>
                            </div>
                            <span
                              class="bp3-popover-wrapper MultiTypeInput--wrapper"
                            >
                              <span
                                class="bp3-popover-target"
                              >
                                <button
                                  class="MultiTypeInput--btn MultiTypeInput--RUNTIME"
                                  data-testid="multi-type-button"
                                >
                                  <span
                                    class="bp3-icon StyledProps--main"
                                    data-icon="runtime-input"
                                  >
                                    <svg
                                      height="12"
                                      viewBox="0 0 10 7.97"
                                      width="12"
                                      xmlns="http://www.w3.org/2000/svg"
                                    >
                                      <path
                                        d="M8.14 4L8 3.72a2.53 2.53 0 01-.12-.3l-.16-.35c-.11-.25-.22-.38-.32-.38s-.28.15-.37.44C7 3.1 7 3.07 7 3a.73.73 0 01.24-.46.66.66 0 01.42-.26c.25 0 .5.35.76 1.05l.07.17.07-.12c.47-.73.86-1.1 1.18-1.1a.71.71 0 01.29.07l-.4.42h-.11c-.24 0-.52.28-.86.83l-.09.16.07.2c.29.79.53 1.18.71 1.18s.31-.12.4-.36q.09.06.09.12t-.27.39a.74.74 0 01-.45.23c-.25 0-.51-.36-.77-1.07l-.12-.25-.1.17c-.44.76-.87 1.14-1.28 1.14a.65.65 0 01-.39-.12L6.84 5a.32.32 0 00.23.1c.25 0 .53-.25.83-.74l.17-.28zm-4-.32L1.7.59h2.47S5 .52 5.35 1a3.28 3.28 0 01.42 1.14h.31L5.94 0H0v.31l3.06 3.74L0 7.62V8h6.08l.38-2.36-.31-.07a2.43 2.43 0 01-.52 1c-.42.48-2 .41-2 .41H1.39z"
                                        fill="current-color"
                                      />
                                    </svg>
                                  </span>
                                </button>
                              </span>
                            </span>
                          </div>
                        </div>
                      </div>
                    </div>
                    <span
                      class="bp3-popover-wrapper bp3-dark"
                    >
                      <span
                        class="bp3-popover-target"
                      >
                        <button
                          class="bp3-button bp3-minimal Button--button StyledProps--font StyledProps--main configureOptions Button--with-current-color Button--iconOnly Button--without-shadow Button--withRightIcon"
                          id="configureOptions_connectorRef"
                          tabindex="0"
                          type="button"
                        >
                          <span
                            class="bp3-icon bp3-icon-cog StyledProps--main"
                            icon="cog"
                          >
                            <svg
                              data-icon="cog"
                              height="16"
                              viewBox="0 0 16 16"
                              width="16"
                            >
                              <desc>
                                cog
                              </desc>
                              <path
                                d="M15.19 6.39h-1.85c-.11-.37-.27-.71-.45-1.04l1.36-1.36c.31-.31.31-.82 0-1.13l-1.13-1.13a.803.803 0 00-1.13 0l-1.36 1.36c-.33-.17-.67-.33-1.04-.44V.79c0-.44-.36-.8-.8-.8h-1.6c-.44 0-.8.36-.8.8v1.86c-.39.12-.75.28-1.1.47l-1.3-1.3c-.3-.3-.79-.3-1.09 0L1.82 2.91c-.3.3-.3.79 0 1.09l1.3 1.3c-.2.34-.36.7-.48 1.09H.79c-.44 0-.8.36-.8.8v1.6c0 .44.36.8.8.8h1.85c.11.37.27.71.45 1.04l-1.36 1.36c-.31.31-.31.82 0 1.13l1.13 1.13c.31.31.82.31 1.13 0l1.36-1.36c.33.18.67.33 1.04.44v1.86c0 .44.36.8.8.8h1.6c.44 0 .8-.36.8-.8v-1.86c.39-.12.75-.28 1.1-.47l1.3 1.3c.3.3.79.3 1.09 0l1.09-1.09c.3-.3.3-.79 0-1.09l-1.3-1.3c.19-.35.36-.71.48-1.1h1.85c.44 0 .8-.36.8-.8v-1.6a.816.816 0 00-.81-.79zm-7.2 4.6c-1.66 0-3-1.34-3-3s1.34-3 3-3 3 1.34 3 3-1.34 3-3 3z"
                                fill-rule="evenodd"
                              />
                            </svg>
                          </span>
                        </button>
                      </span>
                    </span>
                  </div>
                </div>
              </div>
            </div>
            <div
              class="Layout--vertical StyledProps--main tooltipStyle artifactSourceDetailsCard StyledProps--margin-medium"
            >
              <div
                class="Text--withDocsTooltip"
                data-tooltip-id="artifactSourceConfig_artifactSourceDetails"
              >
                <p
                  class="StyledProps--font StyledProps--main header headerText StyledProps--color StyledProps--color-black"
                >
                  pipeline.artifactsSelection.artifactDetails
                </p>
              </div>
              <div
                class="bp3-card bp3-elevation-0 Card--card sectionCard shadow"
              >
                <div
                  class="Layout--vertical Layout--layout-spacing-medium StyledProps--main firstep"
                >
                  <div
                    class="OverlaySpinner--overlaySpinner"
                  >
                    <form
                      action="#"
                      class="FormikForm--main"
                    >
                      <div>
                        <div
                          class="artifactForm connectorFormOverride"
                        >
                          <div
                            class="imagePathContainer"
                          >
                            <div
                              class="bp3-form-group"
                              data-id="imagePath-2"
                            >
                              <label
                                class="bp3-label"
                                for="imagePath"
                              >
                                <span
                                  class="Tooltip--acenter"
                                  data-tooltip-id="imagePath_imagePath"
                                >
                                  pipeline.imagePathLabel
                                </span>
                                 
                                <span
                                  class="bp3-text-muted"
                                />
                              </label>
                              <div
                                class="bp3-form-content"
                              >
                                <div
                                  class="Layout--horizontal StyledProps--main MultiTypeInput--main"
                                >
                                  <div
                                    class="bp3-input-group MultiTypeInput--input"
                                  >
                                    <input
                                      autocomplete="off"
                                      class="bp3-input"
                                      name="imagePath"
                                      placeholder="pipeline.artifactsSelection.existingDocker.imageNamePlaceholder"
                                      type="text"
                                      value="test/path"
                                    />
                                  </div>
                                  <span
                                    class="bp3-popover-wrapper MultiTypeInput--wrapper"
                                  >
                                    <span
                                      class="bp3-popover-target"
                                    >
                                      <button
                                        class="MultiTypeInput--btn MultiTypeInput--FIXED"
                                        data-testid="multi-type-button"
                                      >
                                        <span
                                          class="bp3-icon StyledProps--main"
                                          data-icon="fixed-input"
                                        >
                                          <svg
                                            height="12"
                                            viewBox="0 0 9 9"
                                            width="12"
                                            xmlns="http://www.w3.org/2000/svg"
                                          >
                                            <path
                                              d="M5.61 7.55c.62-.7.3-1.42.18-2.35a.32.32 0 01.1-.29l1.43-1.42a.76.76 0 01.28-.15c.39-.1 1 0 1.28-.29a.34.34 0 000-.51L6.46.12a.33.33 0 00-.52 0c-.28.29-.2.9-.28 1.3a.53.53 0 01-.13.23L4.09 3.12a.29.29 0 01-.28.09c-.89-.11-1.6-.49-2.27.11-.29.26-.29.43 0 .7l1.31 1.34.15.16-.15.15-2.7 2.69a.36.36 0 000 .54.36.36 0 00.54-.05l2.63-2.68.17-.17.17.16c.45.46.9.91 1.36 1.36.21.21.42.22.59.03z"
                                              fill="currentColor"
                                            />
                                          </svg>
                                        </span>
                                      </button>
                                    </span>
                                  </span>
                                </div>
                              </div>
                            </div>
                          </div>
                          <div
                            class="tagGroup"
                          >
                            <div
                              class="bp3-form-group radioGroup"
                              data-id="tagType-3"
                            >
                              <div
                                class="bp3-form-content"
                              >
                                <div
                                  class="StyledProps--main"
                                >
                                  
                                  <div
                                    class="RadioButtonGroup--inline"
                                  >
                                    <label
                                      class="RadioButton--radio StyledProps--main"
                                    >
                                      <input
                                        checked=""
                                        class="RadioButton--input"
                                        name="tagType"
                                        type="radio"
                                        value="value"
                                      />
                                      <span
                                        class="RadioButton--radioIcon"
                                      />
                                      Value
                                    </label>
                                    <label
                                      class="RadioButton--radio StyledProps--main"
                                    >
                                      <input
                                        class="RadioButton--input"
                                        name="tagType"
                                        type="radio"
                                        value="regex"
                                      />
                                      <span
                                        class="RadioButton--radioIcon"
                                      />
                                      Regex
                                    </label>
                                  </div>
                                </div>
                              </div>
                            </div>
                          </div>
                          <div
                            class="imagePathContainer"
                          >
                            <div
                              class="bp3-form-group tagInputButton"
                              data-id="tag-4"
                            >
                              <label
                                class="bp3-label"
                                for="tag"
                              >
                                <span
                                  class="Tooltip--acenter"
                                  data-tooltip-id="imagePath_tag"
                                >
                                  tagLabel
                                </span>
                                 
                                <span
                                  class="bp3-text-muted"
                                />
                              </label>
                              <div
                                class="bp3-form-content"
                              >
                                <div
                                  class="Layout--horizontal StyledProps--main MultiTypeInput--main MultiTypeInput--disabled"
                                >
                                  <div
                                    class="TextInput--main MultiTypeInput--input"
                                  >
                                    <div
                                      class="bp3-input-group bp3-disabled"
                                    >
                                      <input
                                        class="bp3-input"
                                        disabled=""
                                        name="tag"
                                        placeholder="<+input>"
                                        type="text"
                                        value="<+input>"
                                      />
                                    </div>
                                  </div>
                                  <span
                                    class="bp3-popover-wrapper MultiTypeInput--wrapper"
                                  >
                                    <span
                                      class="bp3-popover-target"
                                    >
                                      <button
                                        class="MultiTypeInput--btn MultiTypeInput--RUNTIME"
                                        data-testid="multi-type-button"
                                      >
                                        <span
                                          class="bp3-icon StyledProps--main"
                                          data-icon="runtime-input"
                                        >
                                          <svg
                                            height="12"
                                            viewBox="0 0 10 7.97"
                                            width="12"
                                            xmlns="http://www.w3.org/2000/svg"
                                          >
                                            <path
                                              d="M8.14 4L8 3.72a2.53 2.53 0 01-.12-.3l-.16-.35c-.11-.25-.22-.38-.32-.38s-.28.15-.37.44C7 3.1 7 3.07 7 3a.73.73 0 01.24-.46.66.66 0 01.42-.26c.25 0 .5.35.76 1.05l.07.17.07-.12c.47-.73.86-1.1 1.18-1.1a.71.71 0 01.29.07l-.4.42h-.11c-.24 0-.52.28-.86.83l-.09.16.07.2c.29.79.53 1.18.71 1.18s.31-.12.4-.36q.09.06.09.12t-.27.39a.74.74 0 01-.45.23c-.25 0-.51-.36-.77-1.07l-.12-.25-.1.17c-.44.76-.87 1.14-1.28 1.14a.65.65 0 01-.39-.12L6.84 5a.32.32 0 00.23.1c.25 0 .53-.25.83-.74l.17-.28zm-4-.32L1.7.59h2.47S5 .52 5.35 1a3.28 3.28 0 01.42 1.14h.31L5.94 0H0v.31l3.06 3.74L0 7.62V8h6.08l.38-2.36-.31-.07a2.43 2.43 0 01-.52 1c-.42.48-2 .41-2 .41H1.39z"
                                              fill="current-color"
                                            />
                                          </svg>
                                        </span>
                                      </button>
                                    </span>
                                  </span>
                                </div>
                              </div>
                            </div>
                            <div
                              class="configureOptions"
                            >
                              <span
                                class="bp3-popover-wrapper bp3-dark"
                              >
                                <span
                                  class="bp3-popover-target"
                                >
                                  <button
                                    class="bp3-button bp3-minimal Button--button StyledProps--font StyledProps--main Button--with-current-color Button--iconOnly Button--without-shadow Button--withRightIcon"
                                    id="configureOptions_tag"
                                    tabindex="0"
                                    type="button"
                                  >
                                    <span
                                      class="bp3-icon bp3-icon-cog StyledProps--main"
                                      icon="cog"
                                    >
                                      <svg
                                        data-icon="cog"
                                        height="16"
                                        viewBox="0 0 16 16"
                                        width="16"
                                      >
                                        <desc>
                                          cog
                                        </desc>
                                        <path
                                          d="M15.19 6.39h-1.85c-.11-.37-.27-.71-.45-1.04l1.36-1.36c.31-.31.31-.82 0-1.13l-1.13-1.13a.803.803 0 00-1.13 0l-1.36 1.36c-.33-.17-.67-.33-1.04-.44V.79c0-.44-.36-.8-.8-.8h-1.6c-.44 0-.8.36-.8.8v1.86c-.39.12-.75.28-1.1.47l-1.3-1.3c-.3-.3-.79-.3-1.09 0L1.82 2.91c-.3.3-.3.79 0 1.09l1.3 1.3c-.2.34-.36.7-.48 1.09H.79c-.44 0-.8.36-.8.8v1.6c0 .44.36.8.8.8h1.85c.11.37.27.71.45 1.04l-1.36 1.36c-.31.31-.31.82 0 1.13l1.13 1.13c.31.31.82.31 1.13 0l1.36-1.36c.33.18.67.33 1.04.44v1.86c0 .44.36.8.8.8h1.6c.44 0 .8-.36.8-.8v-1.86c.39-.12.75-.28 1.1-.47l1.3 1.3c.3.3.79.3 1.09 0l1.09-1.09c.3-.3.3-.79 0-1.09l-1.3-1.3c.19-.35.36-.71.48-1.1h1.85c.44 0 .8-.36.8-.8v-1.6a.816.816 0 00-.81-.79zm-7.2 4.6c-1.66 0-3-1.34-3-3s1.34-3 3-3 3 1.34 3 3-1.34 3-3 3z"
                                          fill-rule="evenodd"
                                        />
                                      </svg>
                                    </span>
                                  </button>
                                </span>
                              </span>
                            </div>
                          </div>
                          <div
                            class="imagePathContainer"
                          >
                            <div
                              class="imagePathContainer"
                            >
                              <div
                                class="bp3-form-group tagInputButton"
                                data-id="digest-5"
                              >
                                <label
                                  class="bp3-label"
                                  for="digest"
                                >
                                  <span
                                    class="Tooltip--acenter"
                                    data-tooltip-id="artifactDigestTooltip"
                                  >
                                    pipeline.digest
                                  </span>
                                   
                                  <span
                                    class="bp3-text-muted"
                                  />
                                </label>
                                <div
                                  class="bp3-form-content"
                                >
                                  <div
                                    class="Layout--horizontal StyledProps--main MultiTypeInput--main MultiTypeInput--disabled"
                                  >
                                    <div
                                      class="TextInput--main MultiTypeInput--input"
                                    >
                                      <div
                                        class="bp3-input-group bp3-disabled"
                                      >
                                        <input
                                          class="bp3-input"
                                          disabled=""
                                          name="digest"
                                          placeholder="<+input>"
                                          type="text"
                                          value="<+input>"
                                        />
                                      </div>
                                    </div>
                                    <span
                                      class="bp3-popover-wrapper MultiTypeInput--wrapper"
                                    >
                                      <span
                                        class="bp3-popover-target"
                                      >
                                        <button
                                          class="MultiTypeInput--btn MultiTypeInput--RUNTIME"
                                          data-testid="multi-type-button"
                                        >
                                          <span
                                            class="bp3-icon StyledProps--main"
                                            data-icon="runtime-input"
                                          >
                                            <svg
                                              height="12"
                                              viewBox="0 0 10 7.97"
                                              width="12"
                                              xmlns="http://www.w3.org/2000/svg"
                                            >
                                              <path
                                                d="M8.14 4L8 3.72a2.53 2.53 0 01-.12-.3l-.16-.35c-.11-.25-.22-.38-.32-.38s-.28.15-.37.44C7 3.1 7 3.07 7 3a.73.73 0 01.24-.46.66.66 0 01.42-.26c.25 0 .5.35.76 1.05l.07.17.07-.12c.47-.73.86-1.1 1.18-1.1a.71.71 0 01.29.07l-.4.42h-.11c-.24 0-.52.28-.86.83l-.09.16.07.2c.29.79.53 1.18.71 1.18s.31-.12.4-.36q.09.06.09.12t-.27.39a.74.74 0 01-.45.23c-.25 0-.51-.36-.77-1.07l-.12-.25-.1.17c-.44.76-.87 1.14-1.28 1.14a.65.65 0 01-.39-.12L6.84 5a.32.32 0 00.23.1c.25 0 .53-.25.83-.74l.17-.28zm-4-.32L1.7.59h2.47S5 .52 5.35 1a3.28 3.28 0 01.42 1.14h.31L5.94 0H0v.31l3.06 3.74L0 7.62V8h6.08l.38-2.36-.31-.07a2.43 2.43 0 01-.52 1c-.42.48-2 .41-2 .41H1.39z"
                                                fill="current-color"
                                              />
                                            </svg>
                                          </span>
                                        </button>
                                      </span>
                                    </span>
                                  </div>
                                </div>
                              </div>
                              <div
                                class="configureOptions"
                              >
                                <span
                                  class="bp3-popover-wrapper bp3-dark"
                                >
                                  <span
                                    class="bp3-popover-target"
                                  >
                                    <button
                                      class="bp3-button bp3-minimal Button--button StyledProps--font StyledProps--main Button--with-current-color Button--iconOnly Button--without-shadow Button--withRightIcon"
                                      id="configureOptions_digest"
                                      tabindex="0"
                                      type="button"
                                    >
                                      <span
                                        class="bp3-icon bp3-icon-cog StyledProps--main"
                                        icon="cog"
                                      >
                                        <svg
                                          data-icon="cog"
                                          height="16"
                                          viewBox="0 0 16 16"
                                          width="16"
                                        >
                                          <desc>
                                            cog
                                          </desc>
                                          <path
                                            d="M15.19 6.39h-1.85c-.11-.37-.27-.71-.45-1.04l1.36-1.36c.31-.31.31-.82 0-1.13l-1.13-1.13a.803.803 0 00-1.13 0l-1.36 1.36c-.33-.17-.67-.33-1.04-.44V.79c0-.44-.36-.8-.8-.8h-1.6c-.44 0-.8.36-.8.8v1.86c-.39.12-.75.28-1.1.47l-1.3-1.3c-.3-.3-.79-.3-1.09 0L1.82 2.91c-.3.3-.3.79 0 1.09l1.3 1.3c-.2.34-.36.7-.48 1.09H.79c-.44 0-.8.36-.8.8v1.6c0 .44.36.8.8.8h1.85c.11.37.27.71.45 1.04l-1.36 1.36c-.31.31-.31.82 0 1.13l1.13 1.13c.31.31.82.31 1.13 0l1.36-1.36c.33.18.67.33 1.04.44v1.86c0 .44.36.8.8.8h1.6c.44 0 .8-.36.8-.8v-1.86c.39-.12.75-.28 1.1-.47l1.3 1.3c.3.3.79.3 1.09 0l1.09-1.09c.3-.3.3-.79 0-1.09l-1.3-1.3c.19-.35.36-.71.48-1.1h1.85c.44 0 .8-.36.8-.8v-1.6a.816.816 0 00-.81-.79zm-7.2 4.6c-1.66 0-3-1.34-3-3s1.34-3 3-3 3 1.34 3 3-1.34 3-3 3z"
                                            fill-rule="evenodd"
                                          />
                                        </svg>
                                      </span>
                                    </button>
                                  </span>
                                </span>
                              </div>
                            </div>
                          </div>
                        </div>
                      </div>
                    </form>
                  </div>
                </div>
              </div>
            </div>
          </div>
        </div>
      </form>
    </div>
  </div>
</div>
`;
