// Jest Snapshot v1, https://goo.gl/fbAQLP

exports[`BillingInfo paymen method step intiial rendering test cases: payment step  method  getting rendered 1`] = `
<div>
  <div
    class="Layout--vertical StyledProps--main"
  >
    <div
      class="Layout--horizontal StyledProps--main"
    >
      <div
        class="Layout--horizontal StyledProps--main StyledProps--flex"
      >
        <div
          class="Layout--vertical StyledProps--main StyledProps--flex"
        >
          <div
            class="MultiStepProgressIndicator--dotNameSuccess"
          >
            <p
              class="StyledProps--font Text--lineclamp StyledProps--main MultiStepProgressIndicator--textmaxlength StyledProps--color StyledProps--color-primary7"
              style="--text-line-clamp: 1;"
            />
          </div>
          <div
            class="MultiStepProgressIndicator--dot MultiStepProgressIndicator--dotSuccess MultiStepProgressIndicator--spacing"
          />
        </div>
        <div
          class="MultiStepProgressIndicator--statusBar"
        >
          <div
            class="MultiStepProgressIndicator--bar MultiStepProgressIndicator--barSuccess MultiStepProgressIndicator--fullBar"
          />
        </div>
      </div>
      <div
        class="Layout--horizontal StyledProps--main StyledProps--flex"
      >
        <div
          class="Layout--vertical StyledProps--main StyledProps--flex"
        >
          <div
            class="MultiStepProgressIndicator--dotNameSuccess"
          >
            <p
              class="StyledProps--font Text--lineclamp StyledProps--main MultiStepProgressIndicator--textmaxlength StyledProps--color StyledProps--color-primary7"
              style="--text-line-clamp: 1;"
            />
          </div>
          <div
            class="MultiStepProgressIndicator--dot MultiStepProgressIndicator--dotSuccess MultiStepProgressIndicator--spacing"
          />
        </div>
        <div
          class="MultiStepProgressIndicator--statusBar"
        >
          <div
            class="MultiStepProgressIndicator--bar MultiStepProgressIndicator--barSuccess MultiStepProgressIndicator--fullBar"
          />
        </div>
      </div>
      <div
        class="Layout--horizontal StyledProps--main StyledProps--flex"
      >
        <div
          class="Layout--vertical StyledProps--main StyledProps--flex"
        >
          <div
            class="MultiStepProgressIndicator--dotNameFailed"
          >
            <p
              class="StyledProps--font Text--lineclamp StyledProps--main MultiStepProgressIndicator--textmaxlength"
              style="--text-line-clamp: 1;"
            />
          </div>
          <div
            class="MultiStepProgressIndicator--dot MultiStepProgressIndicator--dotOutLine MultiStepProgressIndicator--spacing"
          />
        </div>
        <div
          class="MultiStepProgressIndicator--statusBar"
        >
          <div
            class="MultiStepProgressIndicator--bar MultiStepProgressIndicator--fullBar"
          />
        </div>
      </div>
      <div
        class="Layout--horizontal StyledProps--main StyledProps--flex"
      >
        <div
          class="Layout--vertical StyledProps--main StyledProps--flex"
        >
          <div
            class="MultiStepProgressIndicator--dotNameFailed"
          >
            <p
              class="StyledProps--font Text--lineclamp StyledProps--main MultiStepProgressIndicator--textmaxlength"
              style="--text-line-clamp: 1;"
            />
          </div>
          <div
            class="MultiStepProgressIndicator--dot MultiStepProgressIndicator--dotOutLine MultiStepProgressIndicator--spacing"
          />
        </div>
      </div>
    </div>
    <div
      class="Layout--vertical StyledProps--main"
    >
      <div
        class="Layout--horizontal StyledProps--main"
      >
        <label
          class="bp3-control bp3-radio bp3-large StyledProps--font Radio--radio useExistingCard StyledProps--main"
        >
          <input
            checked=""
            type="radio"
          />
          <span
            class="bp3-control-indicator"
          />
          <div
            class="bp3-card bp3-elevation-0 Card--card"
          >
            <div
              class="Layout--vertical StyledProps--main"
            >
              <div
                class="Layout--horizontal StyledProps--main StyledProps--flex StyledProps--flex-justifyContent-start StyledProps--flex-alignItems-baseline StyledProps--padding-bottom-large"
              >
                <p
                  class="StyledProps--font StyledProps--main StyledProps--font-variation-h5"
                >
                  platform.authSettings.billingInfo.paymentMethod
                </p>
              </div>
              <div
                class="Layout--vertical Layout--layout-spacing-xsmall StyledProps--main"
              >
                <p
                  class="StyledProps--font StyledProps--main"
                >
                  visa ending in 1232
                </p>
                <p
                  class="StyledProps--font StyledProps--main StyledProps--font-size-xsmall"
                >
                  Expires 09/12
                </p>
              </div>
            </div>
          </div>
        </label>
      </div>
      <label
        class="bp3-control bp3-radio bp3-large StyledProps--font Radio--radio StyledProps--main"
      >
        <input
          data-testid="addNewCard"
          type="radio"
        />
        <span
          class="bp3-control-indicator"
        />
        common.addNewCreditCard
         
      </label>
    </div>
    <div
      class="Layout--horizontal Layout--layout-spacing-small StyledProps--main"
    >
      <button
        class="bp3-button Button--button StyledProps--font StyledProps--main Button--with-current-color Button--iconOnly Button--withLeftIcon Button--variation Button--variation-secondary"
        type="button"
      >
        <span
          class="bp3-icon bp3-icon-chevron-left StyledProps--main"
          icon="chevron-left"
        >
          <svg
            data-icon="chevron-left"
            height="16"
            viewBox="0 0 16 16"
            width="16"
          >
            <desc>
              chevron-left
            </desc>
            <path
              d="M7.41 8l3.29-3.29c.19-.18.3-.43.3-.71a1.003 1.003 0 00-1.71-.71l-4 4C5.11 7.47 5 7.72 5 8c0 .28.11.53.29.71l4 4a1.003 1.003 0 001.42-1.42L7.41 8z"
              fill-rule="evenodd"
            />
          </svg>
        </span>
        <span
          class="bp3-button-text"
        >
          back
        </span>
      </button>
      <button
        class="bp3-button Button--button StyledProps--font StyledProps--main Button--with-current-color Button--iconOnly Button--withRightIcon Button--variation Button--variation-primary"
        type="button"
      >
        <span
          class="bp3-button-text"
        >
          platform.authSettings.paymentMethod.next
        </span>
        <span
          class="bp3-icon bp3-icon-chevron-right StyledProps--main"
          icon="chevron-right"
        >
          <svg
            data-icon="chevron-right"
            height="16"
            viewBox="0 0 16 16"
            width="16"
          >
            <desc>
              chevron-right
            </desc>
            <path
              d="M10.71 7.29l-4-4a1.003 1.003 0 00-1.42 1.42L8.59 8 5.3 11.29c-.19.18-.3.43-.3.71a1.003 1.003 0 001.71.71l4-4c.18-.18.29-.43.29-.71 0-.28-.11-.53-.29-.71z"
              fill-rule="evenodd"
            />
          </svg>
        </span>
      </button>
    </div>
  </div>
</div>
`;
