// Jest Snapshot v1, https://goo.gl/fbAQLP

exports[`<ConfigureNetworkMap /> tests with data should press back button 1`] = `
<div>
  <div
    class="Layout--horizontal StyledProps--main"
    style="width: 100%; height: 100%;"
  >
    <div
      class="StyledProps--font StyledProps--main"
      style="width: 75%; height: 100%;"
    >
      <div
        class="Layout--vertical Layout--layout-spacing-medium StyledProps--main StyledProps--flex StyledProps--flex-align-center-center StyledProps--background-white"
        style="height: 100%;"
      >
        <img
          height="111"
          src="test-file-stub"
          width="250"
        />
        <p
          class="StyledProps--font StyledProps--main StyledProps--font-variation-h5"
        >
          discovery.noServiceSelected
        </p>
        <p
          class="StyledProps--font StyledProps--main"
          style="width: 40%;"
        >
          discovery.noServiceSelectedDescription
        </p>
      </div>
      <button
        aria-label="back"
        class="bp3-button bp3-disabled bp3-loading Button--button StyledProps--font StyledProps--main backButton Button--with-current-color Button--variation Button--variation-tertiary"
        disabled=""
        tabindex="-1"
        type="button"
      >
        <div
          class="bp3-spinner bp3-button-spinner"
        >
          <div
            class="bp3-spinner-animation"
          >
            <svg
              height="20"
              stroke-width="16.00"
              viewBox="-3.00 -3.00 106.00 106.00"
              width="20"
            >
              <path
                class="bp3-spinner-track"
                d="M 50,50 m 0,-45 a 45,45 0 1 1 0,90 a 45,45 0 1 1 0,-90"
              />
              <path
                class="bp3-spinner-head"
                d="M 50,50 m 0,-45 a 45,45 0 1 1 0,90 a 45,45 0 1 1 0,-90"
                pathLength="280"
                stroke-dasharray="280 280"
                stroke-dashoffset="210"
              />
            </svg>
          </div>
        </div>
        <span
          class="bp3-button-text"
        >
          back
        </span>
      </button>
    </div>
    <div
      class="StyledProps--font StyledProps--main"
      style="width: 35%; height: 100%;"
    >
      <div
        class="Layout--vertical Layout--layout-spacing-small StyledProps--main sidebar StyledProps--padding-large"
      >
        <p
          class="StyledProps--font StyledProps--main StyledProps--font-variation-card-title"
        >
          discovery.addCustomizedConfigurations
        </p>
        <p
          class="StyledProps--font StyledProps--main"
        >
          discovery.addCustomizedConfigurationsDesc
        </p>
        <div
          class="Layout--vertical Layout--layout-spacing-medium StyledProps--main StyledProps--flex StyledProps--flex-alignItems-flex-start StyledProps--padding-top-medium"
        >
          <span
            class="bp3-popover-wrapper"
          >
            <span
              class="bp3-popover-target"
            >
              <button
                aria-label="discovery.newRelation"
                class="bp3-button Button--button StyledProps--font StyledProps--main Button--with-current-color Button--withLeftIcon Button--variation Button--variation-link"
                type="button"
              >
                <span
                  class="bp3-icon bp3-icon-plus StyledProps--main StyledProps--padding-right-xsmall"
                  icon="plus"
                >
                  <svg
                    data-icon="plus"
                    height="16"
                    viewBox="0 0 16 16"
                    width="16"
                  >
                    <desc>
                      plus
                    </desc>
                    <path
                      d="M13 7H9V3c0-.55-.45-1-1-1s-1 .45-1 1v4H3c-.55 0-1 .45-1 1s.45 1 1 1h4v4c0 .55.45 1 1 1s1-.45 1-1V9h4c.55 0 1-.45 1-1s-.45-1-1-1z"
                      fill-rule="evenodd"
                    />
                  </svg>
                </span>
                <span
                  class="bp3-button-text"
                >
                  discovery.newRelation
                </span>
              </button>
            </span>
          </span>
        </div>
      </div>
    </div>
  </div>
</div>
`;

exports[`<ConfigureNetworkMap /> tests with data should render component 1`] = `
<div>
  <div
    class="Layout--horizontal StyledProps--main"
    style="width: 100%; height: 100%;"
  >
    <div
      class="StyledProps--font StyledProps--main"
      style="width: 75%; height: 100%;"
    >
      <div
        class="networkGraph"
      >
        Network Graph
      </div>
      <button
        aria-label="back"
        class="bp3-button Button--button StyledProps--font StyledProps--main backButton Button--with-current-color Button--variation Button--variation-tertiary"
        type="button"
      >
        <span
          class="bp3-button-text"
        >
          back
        </span>
      </button>
    </div>
    <div
      class="StyledProps--font StyledProps--main"
      style="width: 35%; height: 100%;"
    >
      <div
        class="nodeConnectionsSideBar"
      >
        NodeConnectionsSideBar
      </div>
    </div>
  </div>
</div>
`;
