// Jest Snapshot v1, https://goo.gl/fbAQLP

exports[`Account Overview Page Rendering should render properly 1`] = `
<div>
  <div
    class="Layout--horizontal StyledProps--main PageHeader--container PageHeader--standard StyledProps--flex StyledProps--padding-left-xlarge StyledProps--padding-right-xlarge StyledProps--background-white"
    data-testid="page-header"
  >
    <div
      class="Layout--vertical StyledProps--main"
    >
      <div
        class="PageHeader--breadcrumbsDiv"
      >
        <div
          class="Layout--horizontal StyledProps--main Breadcrumbs--breadcrumbs StyledProps--flex StyledProps--flex-align-center-center StyledProps--flex-justifyContent-flex-start"
        >
          <div
            class="Layout--horizontal StyledProps--main StyledProps--flex StyledProps--flex-align-center-center StyledProps--flex-justifyContent-flex-start"
          >
            <a
              class="Breadcrumbs--breadcrumb"
              href="/account/undefined/settings"
            >
              <span
                class="bp3-icon bp3-icon-cog StyledProps--main StyledProps--padding-right-xsmall StyledProps--color StyledProps--color-primary7"
                icon="cog"
              >
                <svg
                  data-icon="cog"
                  height="16"
                  viewBox="0 0 16 16"
                  width="16"
                >
                  <desc>
                    cog
                  </desc>
                  <path
                    d="M15.19 6.39h-1.85c-.11-.37-.27-.71-.45-1.04l1.36-1.36c.31-.31.31-.82 0-1.13l-1.13-1.13a.803.803 0 00-1.13 0l-1.36 1.36c-.33-.17-.67-.33-1.04-.44V.79c0-.44-.36-.8-.8-.8h-1.6c-.44 0-.8.36-.8.8v1.86c-.39.12-.75.28-1.1.47l-1.3-1.3c-.3-.3-.79-.3-1.09 0L1.82 2.91c-.3.3-.3.79 0 1.09l1.3 1.3c-.2.34-.36.7-.48 1.09H.79c-.44 0-.8.36-.8.8v1.6c0 .44.36.8.8.8h1.85c.11.37.27.71.45 1.04l-1.36 1.36c-.31.31-.31.82 0 1.13l1.13 1.13c.31.31.82.31 1.13 0l1.36-1.36c.33.18.67.33 1.04.44v1.86c0 .44.36.8.8.8h1.6c.44 0 .8-.36.8-.8v-1.86c.39-.12.75-.28 1.1-.47l1.3 1.3c.3.3.79.3 1.09 0l1.09-1.09c.3-.3.3-.79 0-1.09l-1.3-1.3c.19-.35.36-.71.48-1.1h1.85c.44 0 .8-.36.8-.8v-1.6a.816.816 0 00-.81-.79zm-7.2 4.6c-1.66 0-3-1.34-3-3s1.34-3 3-3 3 1.34 3 3-1.34 3-3 3z"
                    fill-rule="evenodd"
                  />
                </svg>
              </span>
              <p
                class="StyledProps--font StyledProps--main StyledProps--intent-primary StyledProps--font-size-small"
              >
                common.accountSettings
              </p>
            </a>
            <span
              class="bp3-icon StyledProps--main StyledProps--color StyledProps--color-grey500 StyledProps--padding-right-xsmall StyledProps--padding-left-xsmall"
              data-icon="main-chevron-right"
            >
              <svg
                height="8"
                viewBox="0 0 8 14"
                width="8"
                xmlns="http://www.w3.org/2000/svg"
              >
                <path
                  d="M7.7 6.3l-6-6C1.5.1 1.3 0 1 0 .4 0 0 .4 0 1c0 .3.1.5.3.7L5.6 7 .3 12.3c-.2.2-.3.4-.3.7 0 .6.4 1 1 1 .3 0 .5-.1.7-.3l6-6c.2-.2.3-.4.3-.7s-.1-.5-.3-.7z"
                  fill="#4d5969"
                />
              </svg>
            </span>
          </div>
        </div>
      </div>
      <h2
        class="StyledProps--font StyledProps--font-h2 StyledProps--main StyledProps--color StyledProps--color-grey800 StyledProps--font-weight-bold"
        level="2"
      >
        common.accountOverview
      </h2>
    </div>
  </div>
  <div
    class="StyledProps--font StyledProps--main PageBody--pageBody"
    data-name="page-body"
    data-testid="page-body"
  >
    <div
      class="StyledProps--font StyledProps--main container StyledProps--margin-xlarge StyledProps--padding-xlarge StyledProps--background-white"
    >
      <p
        class="StyledProps--font StyledProps--main StyledProps--color StyledProps--color-black StyledProps--font-weight-semi-bold StyledProps--font-size-medium StyledProps--margin-bottom-xlarge"
      >
        common.accountDetails
      </p>
      <div
        class="Layout--horizontal StyledProps--main StyledProps--flex StyledProps--flex-alignItems-center StyledProps--flex-justifyContent-flex-start StyledProps--margin-bottom-large"
      >
        <p
          class="StyledProps--font StyledProps--main minWidth StyledProps--color StyledProps--color-grey600"
        >
          common.accountName
        </p>
        <p
          class="StyledProps--font Text--lineclamp StyledProps--main StyledProps--color StyledProps--color-grey800"
          style="--text-line-clamp: 1; width: 185px;"
        >
          account name
        </p>
        <button
          aria-label="edit"
          class="bp3-button Button--button StyledProps--font StyledProps--main Button--with-current-color Button--withLeftIcon Button--variation Button--variation-link"
          type="button"
        >
          <span
            class="bp3-icon StyledProps--main StyledProps--padding-right-xsmall"
            data-icon="Edit"
          >
            <svg
              height="16"
              viewBox="0 0 16 16"
              width="16"
              xmlns="http://www.w3.org/2000/svg"
            >
              <path
                clip-rule="evenodd"
                d="M11.207.485a.5.5 0 01.354-.146 3.5 3.5 0 013.5 3.5.5.5 0 01-.146.353l-11 11a.5.5 0 01-.354.147h-3a.5.5 0 01-.5-.5v-3a.5.5 0 01.146-.354l11-11zm.553.862L1.061 12.046v2.293h2.293l10.7-10.7a2.5 2.5 0 00-2.294-2.292z"
                fill="currentColor"
                fill-rule="evenodd"
              />
              <path
                clip-rule="evenodd"
                d="M11.89 2.646a.5.5 0 010 .708L8.353 6.889a.5.5 0 01-.708-.707l3.536-3.536a.5.5 0 01.707 0z"
                fill="currentColor"
                fill-rule="evenodd"
                opacity="0.3"
              />
            </svg>
          </span>
          <span
            class="bp3-button-text"
          >
            edit
          </span>
        </button>
        <button
          aria-label="common.switchAccount"
          class="bp3-button Button--button StyledProps--font StyledProps--main Button--with-current-color Button--variation Button--variation-link"
          type="button"
        >
          <span
            class="bp3-button-text"
          >
            common.switchAccount
          </span>
        </button>
      </div>
      <div
        class="Layout--horizontal StyledProps--main StyledProps--flex StyledProps--flex-alignItems-center StyledProps--flex-justifyContent-flex-start StyledProps--margin-bottom-large"
      >
        <p
          class="StyledProps--font StyledProps--main minWidth"
        >
          common.accountId
        </p>
        <p
          class="StyledProps--font StyledProps--main StyledProps--color StyledProps--color-grey800"
        >
          id1
        </p>
      </div>
      <div
        class="Layout--horizontal StyledProps--main StyledProps--flex StyledProps--flex-alignItems-center StyledProps--flex-justifyContent-flex-start StyledProps--margin-bottom-large"
      >
        <p
          class="StyledProps--font StyledProps--main minWidth"
        >
          common.harnessClusterHostingAccount
        </p>
        <p
          class="StyledProps--font StyledProps--main StyledProps--padding-right-small StyledProps--color StyledProps--color-grey800"
        >
          free
        </p>
      </div>
      <div
        class="Layout--horizontal StyledProps--main StyledProps--flex StyledProps--flex-alignItems-center StyledProps--flex-justifyContent-flex-start StyledProps--margin-bottom-large"
      >
        <p
          class="StyledProps--font StyledProps--main minWidth"
        >
          common.allowFirstGenAccess
        </p>
        <label
          class="bp3-control bp3-switch StyledProps--font Switch--switch switch StyledProps--main"
        >
          <input
            checked=""
            type="checkbox"
          />
          <span
            class="bp3-control-indicator"
          />
        </label>
      </div>
      <div
        class="Layout--horizontal StyledProps--main StyledProps--flex StyledProps--flex-alignItems-center StyledProps--flex-justifyContent-flex-start"
      >
        <p
          class="StyledProps--font StyledProps--main minWidth"
        >
          common.defaultExperience
        </p>
        <p
          class="StyledProps--font StyledProps--main StyledProps--color StyledProps--color-grey800"
        >
          common.harnessNextGeneration
        </p>
        <button
          aria-label="change"
          class="bp3-button Button--button StyledProps--font StyledProps--main StyledProps--padding-none Button--with-current-color Button--variation Button--variation-link"
          type="button"
        >
          <span
            class="bp3-button-text"
          >
            change
          </span>
        </button>
      </div>
    </div>
    <div
      class="StyledProps--font StyledProps--main container StyledProps--margin-xlarge StyledProps--padding-left-large StyledProps--padding-right-large StyledProps--background-white"
    >
      <div
        class="Accordion--accordion"
      >
        <div
          class="Accordion--panel"
          data-open="false"
          data-testid="serviceVersions-panel"
        >
          <div
            class="Accordion--summary"
            data-testid="serviceVersions-summary"
          >
            <div
              class="Accordion--label"
            >
              common.platformServiceVersions
            </div>
            <div
              class="Accordion--chevron"
            />
          </div>
          <div
            class="bp3-collapse Accordion--collapse"
          >
            <div
              aria-hidden="false"
              class="bp3-collapse-body"
              style="transform: translateY(-undefinedpx);"
            />
          </div>
        </div>
      </div>
    </div>
  </div>
</div>
`;
